// Jest Snapshot v1, https://goo.gl/fbAQLP

exports[`<Item /> renders and matches the snapshot 1`] = `
<ItemStyles__Item>
  <img
    alt="Soluta non"
    src="dicta.jpg"
  />
  <Title>
    <Link
      as="/items/3a430a73-c9e9-4bcc-b46a-41618965ffea"
      href="/items/[itemId]"
      prefetch={true}
    >
      <a>
        Soluta non
      </a>
    </Link>
  </Title>
  <PriceTag>
    $164.46
  </PriceTag>
  <p>
    Enim quia autem et modi tenetur amet modi reprehenderit. Adipisci eius laborum eius aut illo dolorum. Aliquam id sit. Vel ipsa tempora aut sint aperiam occaecati illum animi vel.
  </p>
  <div
    className="buttonList"
  >
    <Link
      as="/items/3a430a73-c9e9-4bcc-b46a-41618965ffea/update"
      href="/items/[itemId]/update"
      prefetch={true}
    >
      <a>
        ✏️ Edit
      </a>
    </Link>
    <AddToCart
      itemId="3a430a73-c9e9-4bcc-b46a-41618965ffea"
    />
    <DeleteItem
      itemId="3a430a73-c9e9-4bcc-b46a-41618965ffea"
    />
  </div>
</ItemStyles__Item>
`;
