// Jest Snapshot v1, https://goo.gl/fbAQLP

exports[`<SingleItem /> errors with a not found item 1`] = `
<p
  data-test="graphql-error"
>
  <strong>
    Shoot!
  </strong>
  Network error: Item not found
</p>
`;

exports[`<SingleItem /> renders with proper data 1`] = `
<h2>
  Soluta non
</h2>
`;

exports[`<SingleItem /> renders with proper data 2`] = `
<img
  alt="Soluta non"
  src="perferendis-large.jpg"
/>
`;

exports[`<SingleItem /> renders with proper data 3`] = `
<p>
  Enim quia autem et modi tenetur amet modi reprehenderit. Adipisci eius laborum eius aut illo dolorum. Aliquam id sit. Vel ipsa tempora aut sint aperiam occaecati illum animi vel.
</p>
`;
